// Jest Snapshot v1, https://goo.gl/fbAQLP

exports[`Application pkg actions Request actions close action 1`] = `
Array [
  Object {
    "error": undefined,
    "payload": Object {
      "force": true,
    },
    "type": "REDUX_OPENFIN_REQ::APPLICATION_CLOSE",
  },
]
`;
